// Jest Snapshot v1, https://goo.gl/fbAQLP

exports[`<ButtonSocial /> Should match snapshot 1`] = `
<div>
  <div
    class="
flex 
flex-col 
items-center 
gap-4
"
  >
    <a
      class="
flex 
h-16 
w-16 
items-center 
justify-center 
rounded-full 
bg-primary 
transition 
ease-in-out 
hover:bg-primary/[0.6]
"
      href="https://instagram.com/"
      rel="noreferrer"
      target="_blank"
    >
      <img
        alt="instagram"
        class="
max-w-[2.625rem]
"
        src="https://res.cloudinary.com/user/image/upload/img.png"
      />
    </a>
    <span
      class="
text-sm 
font-medium 
capitalize 
text-white
"
    >
      instagram
    </span>
  </div>
</div>
`;
