// Jest Snapshot v1, https://goo.gl/fbAQLP

exports[`<TestimonialCard /> Should match snapshot 1`] = `
<div>
  <div
    class="
py-2
flex
flex-col
h-full
w-full
relative
justify-between
ml-7
lg:ml-0

md:flex-row
md:w-[51.813rem]
md:justify-center
lg:w-[54.813rem]
"
  >
    <div>
      <h3
        class="
w-[16rem]
text-white
break-words
overflow-hidden
max-h-8
mb-4
md:mb-0
text-center
font-medium
text-2xl
box-border

md:absolute
md:text-left
md:w-[18.75rem]
md:left-[1.875rem]
md:top-[3.438rem]
"
      >
        John Doe
      </h3>
      <p
        class="
text-white
break-words
overflow-hidden
max-h-[160px]
text-center
mb-8
relative
text-base
w-[16rem]

md:mb-0
md:text-left
md:text-lg
md:top-[6.875rem]
md:left-[-6.875rem]
lg:w-[18.75rem]
"
      >
        Loren ipsum dolor
      </p>
    </div>
    <div
      class="
relative
box-border
flex
justify-center
items-center
w-[18.75rem]
h-[17.5rem]
rounded-10
md:left-[-2.125rem]
shadow-[0.5rem_0.5rem_0rem_0rem_rgba(33,231,182)]

after:content-[' ']
after:block
after:absolute
after:h-[0.25rem]
after:w-[5.875rem]
after:top-[11.25rem]
after:right-[-5.875rem]
md:after:w-[10.75rem]
md:after:top-[5.625rem]
md:after:right-[-10.75rem]
after:bg-primary

before:content-[' ']
before:block
before:absolute
md:before:h-[0.25rem]
md:before:w-[25.313rem]
md:before:top-[5.625rem]
md:before:left-[-25.313rem]
before:bg-primary
"
    >
      <img
        alt="John Doe"
        src="http://cdn.com/photo-name.jpg"
      />
    </div>
  </div>
</div>
`;
